X [ERROR] "loader" without extension only applies when reading from stdin

1 error
node:child_process:964
    throw err;
    ^

Error: Command failed: C:\Users\Jesus Cavalcante\AppData\Local\npm-cache\_npx\beb367dfa21eb3f5\node_modules\@esbuild\win32-x64\esbuild.exe app.js --loader=jsx
    at genericNodeError (node:internal/errors:985:15)
    at wrappedFn (node:internal/errors:539:14)
    at checkExecSyncError (node:child_process:925:11)
    at Object.execFileSync (node:child_process:961:15)
    at Object.<anonymous> (C:\Users\Jesus Cavalcante\AppData\Local\npm-cache\_npx\beb367dfa21eb3f5\node_modules\esbuild\bin\esbuild:222:28)
    at Module._compile (node:internal/modules/cjs/loader:1830:14)
    at Object..js (node:internal/modules/cjs/loader:1961:10)
    at Module.load (node:internal/modules/cjs/loader:1553:32)
    at Module._load (node:internal/modules/cjs/loader:1355:12)
    at wrapModuleLoad (node:internal/modules/cjs/loader:255:19) {
  status: 1,
  signal: null,
  output: [ null, null, null ],
  pid: 18472,
  stdout: null,
  stderr: null
}

Node.js v24.15.0
